
> income-expense-backend@1.0.0 test
> vitest tests/integration/expenses.test.js --run


[1m[30m[46m RUN [49m[39m[22m [36mv4.1.5 [39m[90mC:/Users/ariel/Documents/6_semestre/Pruebas de software/app/income_expense_management_system/backend[39m

node.exe : [90mstderr[2m | tests/integration/expenses.test.js[2m > 
[22m[2mGET /api/expenses/:id[2m > [22m[2mDebe retornar 404 si gasto no 
existe
En línea: 1 Carácter: 1
+ & "C:\Program Files\nodejs/node.exe" "C:\Program Files\nodejs/node_mo ...
+ ~~~~~~~~~~~~~~~~~~~~~~~~~~~~~~~~~~~~~~~~~~~~~~~~~~~~~~~~~~~~~~~~~~~~~
    + CategoryInfo          : NotSpecified: ([90mstderr[2m...gasto no existe 
   :String) [], RemoteException
    + FullyQualifiedErrorId : NativeCommandError
 
[22m[39m[ERROR] 404: Gasto no encontrado
NotFoundError: Gasto no encontrado
    at ExpenseService.getExpenseById 
(C:/Users/ariel/Documents/6_semestre/Pruebas de software/app/income_expense_man
agement_system/backend/src/services/expenseService.js:130:13)
[90m    at processTicksAndRejections 
(node:internal/process/task_queues:105:5)[39m
    at C:/Users/ariel/Documents/6_semestre/Pruebas de software/app/income_expen
se_management_system/backend/src/controllers/expenseController.js:25:19 {
  statusCode: [33m404[39m
}

[90mstderr[2m | tests/integration/expenses.test.js[2m > [22m[2mGET 
/api/expenses/:id[2m > [22m[2mDebe retornar 404 o 400 si ID tiene formato 
inválido
[22m[39m[ERROR] 400: Uno de los identificadores enviados no es válido
CastError: Cast to ObjectId failed for value "invalid-id" (type string) at 
path "_id" for model "Expense"
    at ObjectId.cast [90m(C:\Users\ariel\Documents\6_semestre\Pruebas de softw
are\app\income_expense_management_system\backend\[39mnode_modules\[4mmongoose
[24m\lib\schema\objectid.js:250:11[90m)[39m
    at ObjectId.SchemaType.applySetters 
[90m(C:\Users\ariel\Documents\6_semestre\Pruebas de software\app\income_expens
e_management_system\backend\[39mnode_modules\[4mmongoose[24m\lib\schematype.
js:1219:12[90m)[39m
    at ObjectId.SchemaType.castForQuery 
[90m(C:\Users\ariel\Documents\6_semestre\Pruebas de software\app\income_expens
e_management_system\backend\[39mnode_modules\[4mmongoose[24m\lib\schematype.
js:1633:15[90m)[39m
    at cast [90m(C:\Users\ariel\Documents\6_semestre\Pruebas de software\app\i
ncome_expense_management_system\backend\[39mnode_modules\[4mmongoose[24m\lib
\cast.js:389:32[90m)[39m
    at model.Query.Query.cast 
[90m(C:\Users\ariel\Documents\6_semestre\Pruebas de software\app\income_expens
e_management_system\backend\[39mnode_modules\[4mmongoose[24m\lib\query.js:49
27:12[90m)[39m
    at model.Query.Query._castConditions 
[90m(C:\Users\ariel\Documents\6_semestre\Pruebas de software\app\income_expens
e_management_system\backend\[39mnode_modules\[4mmongoose[24m\lib\query.js:22
37:10[90m)[39m
    at model.Query._findOne [90m(C:\Users\ariel\Documents\6_semestre\Pruebas 
de software\app\income_expense_management_system\backend\[39mnode_modules\[4m
mongoose[24m\lib\query.js:2533:8[90m)[39m
    at model.Query.exec [90m(C:\Users\ariel\Documents\6_semestre\Pruebas de so
ftware\app\income_expense_management_system\backend\[39mnode_modules\[4mmongo
ose[24m\lib\query.js:4447:28[90m)[39m
[90m    at processTicksAndRejections 
(node:internal/process/task_queues:105:5)[39m
    at ExpenseService.getExpenseById 
(C:/Users/ariel/Documents/6_semestre/Pruebas de software/app/income_expense_man
agement_system/backend/src/services/expenseService.js:124:21) {
  stringValue: [32m'"invalid-id"'[39m,
  messageFormat: [90mundefined[39m,
  kind: [32m'ObjectId'[39m,
  value: [32m'invalid-id'[39m,
  path: [32m'_id'[39m,
  reason: BSONError: Argument passed in must be a string of 12 bytes or a 
string of 24 hex characters or an integer
      at new ObjectId [90m(C:\Users\ariel\Documents\6_semestre\Pruebas de soft
ware\app\income_expense_management_system\backend\[39mnode_modules\[4mbson[2
4m\lib\bson.cjs:2055:23[90m)[39m
      at castObjectId [90m(C:\Users\ariel\Documents\6_semestre\Pruebas de soft
ware\app\income_expense_management_system\backend\[39mnode_modules\[4mmongoos
e[24m\lib\cast\objectid.js:25:12[90m)[39m
      at ObjectId.cast [90m(C:\Users\ariel\Documents\6_semestre\Pruebas de sof
tware\app\income_expense_management_system\backend\[39mnode_modules\[4mmongoo
se[24m\lib\schema\objectid.js:248:12[90m)[39m
      at ObjectId.SchemaType.applySetters 
[90m(C:\Users\ariel\Documents\6_semestre\Pruebas de software\app\income_expens
e_management_system\backend\[39mnode_modules\[4mmongoose[24m\lib\schematype.
js:1219:12[90m)[39m
      at ObjectId.SchemaType.castForQuery 
[90m(C:\Users\ariel\Documents\6_semestre\Pruebas de software\app\income_expens
e_management_system\backend\[39mnode_modules\[4mmongoose[24m\lib\schematype.
js:1633:15[90m)[39m
      at cast [90m(C:\Users\ariel\Documents\6_semestre\Pruebas de software\app
\income_expense_management_system\backend\[39mnode_modules\[4mmongoose[24m\l
ib\cast.js:389:32[90m)[39m
      at model.Query.Query.cast 
[90m(C:\Users\ariel\Documents\6_semestre\Pruebas de software\app\income_expens
e_management_system\backend\[39mnode_modules\[4mmongoose[24m\lib\query.js:49
27:12[90m)[39m
      at model.Query.Query._castConditions 
[90m(C:\Users\ariel\Documents\6_semestre\Pruebas de software\app\income_expens
e_management_system\backend\[39mnode_modules\[4mmongoose[24m\lib\query.js:22
37:10[90m)[39m
      at model.Query._findOne 
[90m(C:\Users\ariel\Documents\6_semestre\Pruebas de software\app\income_expens
e_management_system\backend\[39mnode_modules\[4mmongoose[24m\lib\query.js:25
33:8[90m)[39m
      at model.Query.exec [90m(C:\Users\ariel\Documents\6_semestre\Pruebas de 
software\app\income_expense_management_system\backend\[39mnode_modules\[4mmon
goose[24m\lib\query.js:4447:28[90m)[39m,
  valueType: [32m'string'[39m,
  model: Model { Expense }
}

[90mstderr[2m | tests/integration/expenses.test.js[2m > [22m[2mGET 
/api/expenses/:id[2m > [22m[2mDebe retornar 403 si el gasto pertenece a 
otro usuario
[22m[39m[ERROR] 404: Gasto no encontrado
NotFoundError: Gasto no encontrado
    at ExpenseService.getExpenseById 
(C:/Users/ariel/Documents/6_semestre/Pruebas de software/app/income_expense_man
agement_system/backend/src/services/expenseService.js:130:13)
[90m    at processTicksAndRejections 
(node:internal/process/task_queues:105:5)[39m
    at C:/Users/ariel/Documents/6_semestre/Pruebas de software/app/income_expen
se_management_system/backend/src/controllers/expenseController.js:25:19 {
  statusCode: [33m404[39m
}

[90mstderr[2m | tests/integration/expenses.test.js[2m > [22m[2mPUT 
/api/expenses/:id[2m > [22m[2mDebe retornar 404 si gasto no existe
[22m[39m[ERROR] 404: Gasto no encontrado
NotFoundError: Gasto no encontrado
    at ExpenseService.updateExpense 
(C:/Users/ariel/Documents/6_semestre/Pruebas de software/app/income_expense_man
agement_system/backend/src/services/expenseService.js:114:13)
[90m    at processTicksAndRejections 
(node:internal/process/task_queues:105:5)[39m
    at C:/Users/ariel/Documents/6_semestre/Pruebas de software/app/income_expen
se_management_system/backend/src/controllers/expenseController.js:43:26 {
  statusCode: [33m404[39m
}

[90mstderr[2m | tests/integration/expenses.test.js[2m > [22m[2mPUT 
/api/expenses/:id[2m > [22m[2mDebe retornar 403 si el gasto pertenece a 
otro usuario
[22m[39m[ERROR] 404: Gasto no encontrado
NotFoundError: Gasto no encontrado
    at ExpenseService.updateExpense 
(C:/Users/ariel/Documents/6_semestre/Pruebas de software/app/income_expense_man
agement_system/backend/src/services/expenseService.js:114:13)
[90m    at processTicksAndRejections 
(node:internal/process/task_queues:105:5)[39m
    at C:/Users/ariel/Documents/6_semestre/Pruebas de software/app/income_expen
se_management_system/backend/src/controllers/expenseController.js:43:26 {
  statusCode: [33m404[39m
}

[90mstderr[2m | tests/integration/expenses.test.js[2m > [22m[2mDELETE 
/api/expenses/:id[2m > [22m[2mDebe eliminar gasto → 200
[22m[39m[ERROR] 404: Gasto no encontrado
NotFoundError: Gasto no encontrado
    at ExpenseService.getExpenseById 
(C:/Users/ariel/Documents/6_semestre/Pruebas de software/app/income_expense_man
agement_system/backend/src/services/expenseService.js:130:13)
[90m    at processTicksAndRejections 
(node:internal/process/task_queues:105:5)[39m
    at C:/Users/ariel/Documents/6_semestre/Pruebas de software/app/income_expen
se_management_system/backend/src/controllers/expenseController.js:25:19 {
  statusCode: [33m404[39m
}

[90mstderr[2m | tests/integration/expenses.test.js[2m > [22m[2mDELETE 
/api/expenses/:id[2m > [22m[2mDebe retornar 404 si gasto no existe
[22m[39m[ERROR] 404: Gasto no encontrado
NotFoundError: Gasto no encontrado
    at ExpenseService.deleteExpense 
(C:/Users/ariel/Documents/6_semestre/Pruebas de software/app/income_expense_man
agement_system/backend/src/services/expenseService.js:143:13)
[90m    at processTicksAndRejections 
(node:internal/process/task_queues:105:5)[39m
    at C:/Users/ariel/Documents/6_semestre/Pruebas de software/app/income_expen
se_management_system/backend/src/controllers/expenseController.js:56:26 {
  statusCode: [33m404[39m
}

[90mstderr[2m | tests/integration/expenses.test.js[2m > [22m[2mDELETE 
/api/expenses/:id[2m > [22m[2mDebe retornar 404 o 400 si ID tiene formato 
inválido
[22m[39m[ERROR] 400: Uno de los identificadores enviados no es válido
CastError: Cast to ObjectId failed for value "invalid-id" (type string) at 
path "_id" for model "Expense"
    at ObjectId.cast [90m(C:\Users\ariel\Documents\6_semestre\Pruebas de softw
are\app\income_expense_management_system\backend\[39mnode_modules\[4mmongoose
[24m\lib\schema\objectid.js:250:11[90m)[39m
    at ObjectId.SchemaType.applySetters 
[90m(C:\Users\ariel\Documents\6_semestre\Pruebas de software\app\income_expens
e_management_system\backend\[39mnode_modules\[4mmongoose[24m\lib\schematype.
js:1219:12[90m)[39m
    at ObjectId.SchemaType.castForQuery 
[90m(C:\Users\ariel\Documents\6_semestre\Pruebas de software\app\income_expens
e_management_system\backend\[39mnode_modules\[4mmongoose[24m\lib\schematype.
js:1633:15[90m)[39m
    at cast [90m(C:\Users\ariel\Documents\6_semestre\Pruebas de software\app\i
ncome_expense_management_system\backend\[39mnode_modules\[4mmongoose[24m\lib
\cast.js:389:32[90m)[39m
    at model.Query.Query.cast 
[90m(C:\Users\ariel\Documents\6_semestre\Pruebas de software\app\income_expens
e_management_system\backend\[39mnode_modules\[4mmongoose[24m\lib\query.js:49
27:12[90m)[39m
    at model.Query.Query._castConditions 
[90m(C:\Users\ariel\Documents\6_semestre\Pruebas de software\app\income_expens
e_management_system\backend\[39mnode_modules\[4mmongoose[24m\lib\query.js:22
37:10[90m)[39m
    at model.Query._findOneAndDelete 
[90m(C:\Users\ariel\Documents\6_semestre\Pruebas de software\app\income_expens
e_management_system\backend\[39mnode_modules\[4mmongoose[24m\lib\query.js:35
19:8[90m)[39m
    at model.Query.exec [90m(C:\Users\ariel\Documents\6_semestre\Pruebas de so
ftware\app\income_expense_management_system\backend\[39mnode_modules\[4mmongo
ose[24m\lib\query.js:4447:28[90m)[39m
[90m    at processTicksAndRejections 
(node:internal/process/task_queues:105:5)[39m
    at ExpenseService.deleteExpense 
(C:/Users/ariel/Documents/6_semestre/Pruebas de software/app/income_expense_man
agement_system/backend/src/services/expenseService.js:140:21) {
  stringValue: [32m'"invalid-id"'[39m,
  messageFormat: [90mundefined[39m,
  kind: [32m'ObjectId'[39m,
  value: [32m'invalid-id'[39m,
  path: [32m'_id'[39m,
  reason: BSONError: Argument passed in must be a string of 12 bytes or a 
string of 24 hex characters or an integer
      at new ObjectId [90m(C:\Users\ariel\Documents\6_semestre\Pruebas de soft
ware\app\income_expense_management_system\backend\[39mnode_modules\[4mbson[2
4m\lib\bson.cjs:2055:23[90m)[39m
      at castObjectId [90m(C:\Users\ariel\Documents\6_semestre\Pruebas de soft
ware\app\income_expense_management_system\backend\[39mnode_modules\[4mmongoos
e[24m\lib\cast\objectid.js:25:12[90m)[39m
      at ObjectId.cast [90m(C:\Users\ariel\Documents\6_semestre\Pruebas de sof
tware\app\income_expense_management_system\backend\[39mnode_modules\[4mmongoo
se[24m\lib\schema\objectid.js:248:12[90m)[39m
      at ObjectId.SchemaType.applySetters 
[90m(C:\Users\ariel\Documents\6_semestre\Pruebas de software\app\income_expens
e_management_system\backend\[39mnode_modules\[4mmongoose[24m\lib\schematype.
js:1219:12[90m)[39m
      at ObjectId.SchemaType.castForQuery 
[90m(C:\Users\ariel\Documents\6_semestre\Pruebas de software\app\income_expens
e_management_system\backend\[39mnode_modules\[4mmongoose[24m\lib\schematype.
js:1633:15[90m)[39m
      at cast [90m(C:\Users\ariel\Documents\6_semestre\Pruebas de software\app
\income_expense_management_system\backend\[39mnode_modules\[4mmongoose[24m\l
ib\cast.js:389:32[90m)[39m
      at model.Query.Query.cast 
[90m(C:\Users\ariel\Documents\6_semestre\Pruebas de software\app\income_expens
e_management_system\backend\[39mnode_modules\[4mmongoose[24m\lib\query.js:49
27:12[90m)[39m
      at model.Query.Query._castConditions 
[90m(C:\Users\ariel\Documents\6_semestre\Pruebas de software\app\income_expens
e_management_system\backend\[39mnode_modules\[4mmongoose[24m\lib\query.js:22
37:10[90m)[39m
      at model.Query._findOneAndDelete 
[90m(C:\Users\ariel\Documents\6_semestre\Pruebas de software\app\income_expens
e_management_system\backend\[39mnode_modules\[4mmongoose[24m\lib\query.js:35
19:8[90m)[39m
      at model.Query.exec [90m(C:\Users\ariel\Documents\6_semestre\Pruebas de 
software\app\income_expense_management_system\backend\[39mnode_modules\[4mmon
goose[24m\lib\query.js:4447:28[90m)[39m,
  valueType: [32m'string'[39m,
  model: Model { Expense }
}

[90mstderr[2m | tests/integration/expenses.test.js[2m > [22m[2mDELETE 
/api/expenses/:id[2m > [22m[2mDebe retornar 403 si el gasto pertenece a 
otro usuario
[22m[39m[ERROR] 404: Gasto no encontrado
NotFoundError: Gasto no encontrado
    at ExpenseService.deleteExpense 
(C:/Users/ariel/Documents/6_semestre/Pruebas de software/app/income_expense_man
agement_system/backend/src/services/expenseService.js:143:13)
[90m    at processTicksAndRejections 
(node:internal/process/task_queues:105:5)[39m
    at C:/Users/ariel/Documents/6_semestre/Pruebas de software/app/income_expen
se_management_system/backend/src/controllers/expenseController.js:56:26 {
  statusCode: [33m404[39m
}

[90mstderr[2m | tests/integration/expenses.test.js[2m > [22m[2mDELETE 
/api/expenses/:id[2m > [22m[2mNo debe permitir eliminar gasto del usuario 
si está logueado con otro usuario
[22m[39m[ERROR] 401: Credenciales inválidas
AuthenticationError: Credenciales inválidas
    at AuthService.loginUser (C:/Users/ariel/Documents/6_semestre/Pruebas de so
ftware/app/income_expense_management_system/backend/src/services/authService.js
:75:10)
[90m    at processTicksAndRejections 
(node:internal/process/task_queues:105:5)[39m
    at C:/Users/ariel/Documents/6_semestre/Pruebas de software/app/income_expen
se_management_system/backend/src/controllers/authController.js:19:19 {
  statusCode: [33m401[39m
}

 [31m❯[39m tests/integration/expenses.test.js [2m([22m[2m36 tests[22m[2m | [22m[31m1 failed[39m[2m)[22m[33m 3682[2mms[22m[39m
     [32m✓[39m Debe crear gasto con datos válidos → 201[32m 44[2mms[22m[39m
     [32m✓[39m Debe retornar 401 sin token[32m 11[2mms[22m[39m
     [32m✓[39m Debe retornar 400 si monto es negativo[32m 12[2mms[22m[39m
     [32m✓[39m Debe retornar 400 si monto es 0[32m 12[2mms[22m[39m
     [32m✓[39m Debe retornar 400 si categoría no existe (ID inválido)[32m 21[2mms[22m[39m
     [32m✓[39m Debe retornar 400 si categoría no es un MongoId válido[32m 11[2mms[22m[39m
     [32m✓[39m Debe retornar 400 si fecha es inválida (formato incorrecto)[32m 11[2mms[22m[39m
     [32m✓[39m Debe retornar 400 si falta descripción[32m 14[2mms[22m[39m
     [32m✓[39m Debe retornar 400 si falta monto[32m 12[2mms[22m[39m
     [32m✓[39m Debe retornar 400 si falta categoría[32m 11[2mms[22m[39m
     [32m✓[39m Debe retornar 400 si falta fecha[32m 11[2mms[22m[39m
     [32m✓[39m Debe aceptar "concept" como alias para "description"[32m 17[2mms[22m[39m
     [32m✓[39m Debe retornar lista de gastos del usuario → 200[32m 23[2mms[22m[39m
     [32m✓[39m Debe retornar array vacío si no hay gastos[32m 11[2mms[22m[39m
     [32m✓[39m Debe retornar 401 sin token[32m 9[2mms[22m[39m
     [32m✓[39m Solo debe retornar gastos del usuario actual[32m 19[2mms[22m[39m
     [32m✓[39m Debe filtrar por categoría (query param ?category=categoryId)[32m 20[2mms[22m[39m
     [32m✓[39m Debe filtrar por mes/año (?month=5&year=2024)[32m 20[2mms[22m[39m
     [32m✓[39m Debe retornar gastos ordenados por fecha descendente[32m 18[2mms[22m[39m
     [32m✓[39m Debe retornar gasto por ID → 200[32m 17[2mms[22m[39m
     [32m✓[39m Debe retornar 404 si gasto no existe[32m 19[2mms[22m[39m
     [32m✓[39m Debe retornar 404 o 400 si ID tiene formato inválido[32m 15[2mms[22m[39m
     [32m✓[39m Debe retornar 403 si el gasto pertenece a otro usuario[32m 15[2mms[22m[39m
     [32m✓[39m Debe retornar 401 sin token[32m 12[2mms[22m[39m
     [32m✓[39m Debe actualizar gasto → 200[32m 31[2mms[22m[39m
     [32m✓[39m Debe retornar 404 si gasto no existe[32m 15[2mms[22m[39m
     [32m✓[39m Debe retornar 403 si el gasto pertenece a otro usuario[32m 18[2mms[22m[39m
     [32m✓[39m Debe retornar 400 si datos de actualización son inválidos[32m 14[2mms[22m[39m
     [32m✓[39m Debe retornar 401 sin token[32m 10[2mms[22m[39m
     [32m✓[39m Debe permitir actualizar solo descripción con otros campos presentes[32m 17[2mms[22m[39m
     [32m✓[39m Debe eliminar gasto → 200[32m 26[2mms[22m[39m
     [32m✓[39m Debe retornar 404 si gasto no existe[32m 12[2mms[22m[39m
     [32m✓[39m Debe retornar 404 o 400 si ID tiene formato inválido[32m 14[2mms[22m[39m
     [32m✓[39m Debe retornar 403 si el gasto pertenece a otro usuario[32m 16[2mms[22m[39m
     [32m✓[39m Debe retornar 401 sin token[32m 14[2mms[22m[39m
[31m     [31m×[31m No debe permitir eliminar gasto del usuario si está logueado con otro usuario[39m[32m 39[2mms[22m[39m

[31m⎯⎯⎯⎯⎯⎯⎯[39m[1m[41m Failed Tests 1 [49m[22m[31m⎯⎯⎯⎯⎯⎯⎯[39m

[41m[1m FAIL [22m[49m tests/integration/expenses.test.js[2m > [22mDELETE 
/api/expenses/:id[2m > [22mNo debe permitir eliminar gasto del usuario si 
está logueado con otro usuario
[31m[1mAssertionError[22m: expected 401 to be 200 // Object.is equality[39m

[32m- Expected[39m
[31m+ Received[39m

[32m- 200[39m
[31m+ 401[39m

[36m [2m❯[22m tests/integration/expenses.test.js:[2m828:45[22m[39m
    [90m826|[39m       })[33m;[39m
    [90m827|[39m
    [90m828|[39m     [34mexpect[39m(anotherUserLoginResponse[33m.[39mstat
us)[33m.[39m[34mtoBe[39m([34m200[39m)[33m;[39m
    [90m   |[39m                                             [31m^[39m
    [90m829|[39m     [35mconst[39m anotherUserToken [33m=[39m anotherUser
LoginResponse[33m.[39mbody[33m.[39mdata[33m.[39mtoken[33m;[39m
    [90m830|[39m

[31m[2m⎯⎯⎯⎯⎯⎯⎯⎯⎯⎯⎯⎯⎯⎯⎯⎯⎯⎯⎯⎯⎯⎯⎯⎯[1/1]⎯[22m[39m


[2m Test Files [22m [1m[31m1 failed[39m[22m[90m (1)[39m
[2m      Tests [22m [1m[31m1 failed[39m[22m[2m | [22m[1m[32m35 passed[39m[22m[90m (36)[39m
[2m   Start at [22m 00:27:36
[2m   Duration [22m 5.90s[2m (transform 442ms, setup 984ms, import 895ms, tests 3.68s, environment 0ms)[22m

